# Bake Begins!
### (1 of 6) Copy sources
$ cp -a /home/travis/build/fontdirectory/bitter/METADATA.json /home/travis/build/fontdirectory/bitter/builds/build
$ cp -a /home/travis/build/fontdirectory/bitter/DESCRIPTION.en_us.html /home/travis/build/fontdirectory/bitter/builds/build
$ cp -a /home/travis/build/fontdirectory/bitter/FONTLOG.txt /home/travis/build/fontdirectory/bitter/builds/build
$ cp -a Bitter-Regular.ttf.ttx Bitter-Italic.ttf.ttx Bitter-Bold.ttf.ttx src/Bitter-Italic.otf.ttx src/Bitter-BoldItalic.otf.ttx src/Bitter-Bold.otf.ttx Bitter-Regular.ttf._p_r_e_p.ttx Bitter-Regular.ttf._p_o_s_t.ttx Bitter-Regular.ttf._n_a_m_e.ttx Bitter-Regular.ttf._m_a_x_p.ttx Bitter-Regular.ttf._l_o_c_a.ttx Bitter-Regular.ttf._k_e_r_n.ttx Bitter-Regular.ttf._h_m_t_x.ttx Bitter-Regular.ttf._h_h_e_a.ttx Bitter-Regular.ttf._h_e_a_d.ttx Bitter-Regular.ttf._h_d_m_x.ttx Bitter-Regular.ttf._g_l_y_f.ttx Bitter-Regular.ttf._g_a_s_p.ttx Bitter-Regular.ttf._f_p_g_m.ttx Bitter-Regular.ttf._c_v_t.ttx Bitter-Regular.ttf._c_m_a_p.ttx Bitter-Regular.ttf.V_D_M_X_.ttx Bitter-Regular.ttf.O_S_2f_2.ttx Bitter-Regular.ttf.L_T_S_H_.ttx Bitter-Regular.ttf.GlyphOrder.ttx Bitter-Regular.ttf.G_P_O_S_.ttx Bitter-Italic.ttf._p_r_e_p.ttx Bitter-Italic.ttf._p_o_s_t.ttx Bitter-Italic.ttf._n_a_m_e.ttx Bitter-Italic.ttf._m_a_x_p.ttx Bitter-Italic.ttf._l_o_c_a.ttx Bitter-Italic.ttf._h_m_t_x.ttx Bitter-Italic.ttf._h_h_e_a.ttx Bitter-Italic.ttf._h_e_a_d.ttx Bitter-Italic.ttf._g_l_y_f.ttx Bitter-Italic.ttf._g_a_s_p.ttx Bitter-Italic.ttf._c_m_a_p.ttx Bitter-Italic.ttf.O_S_2f_2.ttx Bitter-Italic.ttf.GlyphOrder.ttx Bitter-Italic.ttf.G_D_E_F_.ttx Bitter-Italic.ttf.F_F_T_M_.ttx Bitter-Italic.ttf.D_S_I_G_.ttx Bitter-Bold.ttf._p_r_e_p.ttx Bitter-Bold.ttf._p_o_s_t.ttx Bitter-Bold.ttf._n_a_m_e.ttx Bitter-Bold.ttf._m_a_x_p.ttx Bitter-Bold.ttf._l_o_c_a.ttx Bitter-Bold.ttf._h_m_t_x.ttx Bitter-Bold.ttf._h_h_e_a.ttx Bitter-Bold.ttf._h_e_a_d.ttx Bitter-Bold.ttf._g_l_y_f.ttx Bitter-Bold.ttf._g_a_s_p.ttx Bitter-Bold.ttf._c_m_a_p.ttx Bitter-Bold.ttf.O_S_2f_2.ttx Bitter-Bold.ttf.GlyphOrder.ttx Bitter-Bold.ttf.G_S_U_B_.ttx Bitter-Bold.ttf.G_P_O_S_.ttx Bitter-Bold.ttf.G_D_E_F_.ttx Bitter-Bold.ttf.F_F_T_M_.ttx Bitter-Bold.ttf.D_S_I_G_.ttx src/Bitter-Italic.otf._p_o_s_t.ttx src/Bitter-Italic.otf._n_a_m_e.ttx src/Bitter-Italic.otf._m_a_x_p.ttx src/Bitter-Italic.otf._h_m_t_x.ttx src/Bitter-Italic.otf._h_h_e_a.ttx src/Bitter-Italic.otf._h_e_a_d.ttx src/Bitter-Italic.otf._c_m_a_p.ttx src/Bitter-Italic.otf.O_S_2f_2.ttx src/Bitter-Italic.otf.GlyphOrder.ttx src/Bitter-Italic.otf.C_F_F_.ttx src/Bitter-BoldItalic.otf._p_o_s_t.ttx src/Bitter-BoldItalic.otf._n_a_m_e.ttx src/Bitter-BoldItalic.otf._m_a_x_p.ttx src/Bitter-BoldItalic.otf._k_e_r_n.ttx src/Bitter-BoldItalic.otf._h_m_t_x.ttx src/Bitter-BoldItalic.otf._h_h_e_a.ttx src/Bitter-BoldItalic.otf._h_e_a_d.ttx src/Bitter-BoldItalic.otf._c_m_a_p.ttx src/Bitter-BoldItalic.otf.O_S_2f_2.ttx src/Bitter-BoldItalic.otf.GlyphOrder.ttx src/Bitter-BoldItalic.otf.G_P_O_S_.ttx src/Bitter-BoldItalic.otf.C_F_F_.ttx src/Bitter-Bold.otf._p_o_s_t.ttx src/Bitter-Bold.otf._n_a_m_e.ttx src/Bitter-Bold.otf._m_a_x_p.ttx src/Bitter-Bold.otf._k_e_r_n.ttx src/Bitter-Bold.otf._h_m_t_x.ttx src/Bitter-Bold.otf._h_h_e_a.ttx src/Bitter-Bold.otf._h_e_a_d.ttx src/Bitter-Bold.otf._c_m_a_p.ttx src/Bitter-Bold.otf.O_S_2f_2.ttx src/Bitter-Bold.otf.GlyphOrder.ttx src/Bitter-Bold.otf.G_P_O_S_.ttx src/Bitter-Bold.otf.C_F_F_.ttx /home/travis/build/fontdirectory/bitter/builds/build/sources
### (2 of 6) pyfontaine
### (3 of 6) Run upstream tests
$ bakery-lint.py upstream-repo sources
$ fontaine --collections subsets --text /home/travis/build/fontdirectory/bitter/builds/build/sources/Bitter-Bold.otf.ttx /home/travis/build/fontdirectory/bitter/builds/build/sources/Bitter-BoldItalic.otf.ttx /home/travis/build/fontdirectory/bitter/builds/build/sources/Bitter-Italic.otf.ttx /home/travis/build/fontdirectory/bitter/builds/build/sources/Bitter-Bold.ttf.ttx /home/travis/build/fontdirectory/bitter/builds/build/sources/Bitter-Italic.ttf.ttx /home/travis/build/fontdirectory/bitter/builds/build/sources/Bitter-Regular.ttf.ttx > fontaine.txt
WARNING: Please install [PyICU](https://pypi.python.org/pypi/PyICU) toenable [feature], perhaps with: pip install pyicu
bakery_lint.tests.upstream.test_prepolation.FontTestPrepolation.test_font_prepolation_glyph_contours(): OK
end of pyfontaine process
bakery_lint.tests.upstream.test_prepolation.FontTestPrepolation.test_font_prepolation_glyph_points(): OK
bakery_lint.tests.upstream.test_prepolation.FontTestPrepolation.test_font_test_prepolation_glyph_names(): OK
bakery_lint.tests.upstream.test_diacritic.TestDiacritic.test_diacritic_made_as_component(): OK
bakery_lint.tests.upstream.test_diacritic.TestDiacritic.test_diacritic_made_as_mark_to_mark(): OK
bakery_lint.tests.upstream.test_diacritic.TestDiacritic.test_diacritic_made_as_own_glyphs(): OK
bakery_lint.tests.upstream.test_check_upstream_sources.ProjectUpstreamTestCase.test_bakery_yaml_exists(): OK
bakery_lint.tests.upstream.test_check_upstream_sources.ProjectUpstreamTestCase.test_copyright_notices_same_across_family(): OK
bakery_lint.tests.upstream.test_check_upstream_sources.ProjectUpstreamTestCase.test_description_html_exists(): OK
bakery_lint.tests.upstream.test_check_upstream_sources.ProjectUpstreamTestCase.test_fontlog_txt_exists(): OK
bakery_lint.tests.upstream.test_check_upstream_sources.ProjectUpstreamTestCase.test_metadata_json_exists(): OK
$ bakery-lint.py upstream-ttx Bitter-Bold.otf.ttx
bakery_lint.tests.upstream.test_glyphname_does_not_contain_disallowed_chars.TestGlyphNameDoesNotContainsDisallowedChars.test_glyphname_does_not_contain_disallowed_chars(): OK
bakery_lint.tests.upstream.test_font_filename_eq_familystyle.TestTTFSourceFontFileNameEqualsFamilyStyle.test_source_ttf_font_filename_equals_familystyle(): FAIL
$ mv /home/travis/build/fontdirectory/bitter/builds/build/sources/Bitter-Bold.otf.ttx /home/travis/build/fontdirectory/bitter/builds/build/sources/Bitter-Bold.ttx
bakery_lint.tests.upstream.test_font_filename_eq_familystyle.TestTTFSourceFontFileNameEqualsFamilyStyle.test_source_ttf_font_filename_equals_familystyle(): OK
bakery_lint.tests.upstream.test_check_ttx_requirements.SourceTTXTest.test_epar_in_keys(): FAIL
bakery_lint.tests.upstream.test_check_ttx_requirements.SourceTTXTest.test_os2_in_keys(): OK
bakery_lint.tests.upstream.test_check_ttx_requirements.SourceTTXTest.test_ttx_doesnt_contain_duplicate_glyphs(): OK
bakery_lint.tests.upstream.test_check_ttx_fontfamily_recommendations.TTX_FontFamilyNamingTest.test_ttx_family_naming_recommendation(): OK
$ bakery-lint.py upstream-ttx Bitter-BoldItalic.otf.ttx
bakery_lint.tests.upstream.test_glyphname_does_not_contain_disallowed_chars.TestGlyphNameDoesNotContainsDisallowedChars.test_glyphname_does_not_contain_disallowed_chars(): FAIL
bakery_lint.tests.upstream.test_font_filename_eq_familystyle.TestTTFSourceFontFileNameEqualsFamilyStyle.test_source_ttf_font_filename_equals_familystyle(): FAIL
$ mv /home/travis/build/fontdirectory/bitter/builds/build/sources/Bitter-BoldItalic.otf.ttx /home/travis/build/fontdirectory/bitter/builds/build/sources/Bitter-BoldItalic.ttx
bakery_lint.tests.upstream.test_font_filename_eq_familystyle.TestTTFSourceFontFileNameEqualsFamilyStyle.test_source_ttf_font_filename_equals_familystyle(): OK
bakery_lint.tests.upstream.test_check_ttx_requirements.SourceTTXTest.test_epar_in_keys(): FAIL
bakery_lint.tests.upstream.test_check_ttx_requirements.SourceTTXTest.test_os2_in_keys(): OK
bakery_lint.tests.upstream.test_check_ttx_requirements.SourceTTXTest.test_ttx_doesnt_contain_duplicate_glyphs(): OK
bakery_lint.tests.upstream.test_check_ttx_fontfamily_recommendations.TTX_FontFamilyNamingTest.test_ttx_family_naming_recommendation(): OK
$ bakery-lint.py upstream-ttx Bitter-Italic.otf.ttx
bakery_lint.tests.upstream.test_glyphname_does_not_contain_disallowed_chars.TestGlyphNameDoesNotContainsDisallowedChars.test_glyphname_does_not_contain_disallowed_chars(): OK
bakery_lint.tests.upstream.test_font_filename_eq_familystyle.TestTTFSourceFontFileNameEqualsFamilyStyle.test_source_ttf_font_filename_equals_familystyle(): FAIL
$ mv /home/travis/build/fontdirectory/bitter/builds/build/sources/Bitter-Italic.otf.ttx /home/travis/build/fontdirectory/bitter/builds/build/sources/Bitter-Italic.ttx
bakery_lint.tests.upstream.test_font_filename_eq_familystyle.TestTTFSourceFontFileNameEqualsFamilyStyle.test_source_ttf_font_filename_equals_familystyle(): OK
bakery_lint.tests.upstream.test_check_ttx_requirements.SourceTTXTest.test_epar_in_keys(): FAIL
bakery_lint.tests.upstream.test_check_ttx_requirements.SourceTTXTest.test_os2_in_keys(): OK
bakery_lint.tests.upstream.test_check_ttx_requirements.SourceTTXTest.test_ttx_doesnt_contain_duplicate_glyphs(): OK
bakery_lint.tests.upstream.test_check_ttx_fontfamily_recommendations.TTX_FontFamilyNamingTest.test_ttx_family_naming_recommendation(): OK
$ bakery-lint.py upstream-ttx Bitter-Bold.ttf.ttx
bakery_lint.tests.upstream.test_glyphname_does_not_contain_disallowed_chars.TestGlyphNameDoesNotContainsDisallowedChars.test_glyphname_does_not_contain_disallowed_chars(): FAIL
bakery_lint.tests.upstream.test_font_filename_eq_familystyle.TestTTFSourceFontFileNameEqualsFamilyStyle.test_source_ttf_font_filename_equals_familystyle(): FAIL
$ mv /home/travis/build/fontdirectory/bitter/builds/build/sources/Bitter-Bold.ttf.ttx /home/travis/build/fontdirectory/bitter/builds/build/sources/Bitter-Bold.ttx
bakery_lint.tests.upstream.test_font_filename_eq_familystyle.TestTTFSourceFontFileNameEqualsFamilyStyle.test_source_ttf_font_filename_equals_familystyle(): OK
bakery_lint.tests.upstream.test_check_ttx_requirements.SourceTTXTest.test_epar_in_keys(): FAIL
bakery_lint.tests.upstream.test_check_ttx_requirements.SourceTTXTest.test_os2_in_keys(): OK
bakery_lint.tests.upstream.test_check_ttx_requirements.SourceTTXTest.test_ttx_doesnt_contain_duplicate_glyphs(): OK
bakery_lint.tests.upstream.test_check_ttx_fontfamily_recommendations.TTX_FontFamilyNamingTest.test_ttx_family_naming_recommendation(): OK
$ bakery-lint.py upstream-ttx Bitter-Italic.ttf.ttx
bakery_lint.tests.upstream.test_glyphname_does_not_contain_disallowed_chars.TestGlyphNameDoesNotContainsDisallowedChars.test_glyphname_does_not_contain_disallowed_chars(): FAIL
bakery_lint.tests.upstream.test_font_filename_eq_familystyle.TestTTFSourceFontFileNameEqualsFamilyStyle.test_source_ttf_font_filename_equals_familystyle(): FAIL
$ mv /home/travis/build/fontdirectory/bitter/builds/build/sources/Bitter-Italic.ttf.ttx /home/travis/build/fontdirectory/bitter/builds/build/sources/Bitter-Italic.ttx
bakery_lint.tests.upstream.test_font_filename_eq_familystyle.TestTTFSourceFontFileNameEqualsFamilyStyle.test_source_ttf_font_filename_equals_familystyle(): OK
bakery_lint.tests.upstream.test_check_ttx_requirements.SourceTTXTest.test_epar_in_keys(): FAIL
bakery_lint.tests.upstream.test_check_ttx_requirements.SourceTTXTest.test_os2_in_keys(): OK
bakery_lint.tests.upstream.test_check_ttx_requirements.SourceTTXTest.test_ttx_doesnt_contain_duplicate_glyphs(): OK
bakery_lint.tests.upstream.test_check_ttx_fontfamily_recommendations.TTX_FontFamilyNamingTest.test_ttx_family_naming_recommendation(): OK
$ bakery-lint.py upstream-ttx Bitter-Regular.ttf.ttx
bakery_lint.tests.upstream.test_glyphname_does_not_contain_disallowed_chars.TestGlyphNameDoesNotContainsDisallowedChars.test_glyphname_does_not_contain_disallowed_chars(): FAIL
bakery_lint.tests.upstream.test_font_filename_eq_familystyle.TestTTFSourceFontFileNameEqualsFamilyStyle.test_source_ttf_font_filename_equals_familystyle(): FAIL
$ mv /home/travis/build/fontdirectory/bitter/builds/build/sources/Bitter-Regular.ttf.ttx /home/travis/build/fontdirectory/bitter/builds/build/sources/Bitter-Regular.ttx
bakery_lint.tests.upstream.test_font_filename_eq_familystyle.TestTTFSourceFontFileNameEqualsFamilyStyle.test_source_ttf_font_filename_equals_familystyle(): OK
bakery_lint.tests.upstream.test_check_ttx_requirements.SourceTTXTest.test_epar_in_keys(): FAIL
bakery_lint.tests.upstream.test_check_ttx_requirements.SourceTTXTest.test_os2_in_keys(): OK
bakery_lint.tests.upstream.test_check_ttx_requirements.SourceTTXTest.test_ttx_doesnt_contain_duplicate_glyphs(): OK
bakery_lint.tests.upstream.test_check_ttx_fontfamily_recommendations.TTX_FontFamilyNamingTest.test_ttx_family_naming_recommendation(): OK
### (4 of 6) Convert sources to TTF
$ ttx -d /home/travis/build/fontdirectory/bitter/builds/build /home/travis/build/fontdirectory/bitter/builds/build/sources/Bitter-Regular.ttx /home/travis/build/fontdirectory/bitter/builds/build/sources/Bitter-Italic.ttx /home/travis/build/fontdirectory/bitter/builds/build/sources/Bitter-Bold.ttx /home/travis/build/fontdirectory/bitter/builds/build/sources/Bitter-BoldItalic.ttx
Compiling "/home/travis/build/fontdirectory/bitter/builds/build/sources/Bitter-Regular.ttx" to "/home/travis/build/fontdirectory/bitter/builds/build/Bitter-Regular.ttf"...
Parsing 'GlyphOrder' table...
Parsing 'head' table...
Parsing 'hhea' table...
Parsing 'maxp' table...
Parsing 'OS/2' table...
Parsing 'hmtx' table...
Parsing 'LTSH' table...
Parsing 'VDMX' table...
Parsing 'hdmx' table...
Parsing 'cmap' table...
Parsing 'fpgm' table...
Parsing 'prep' table...
Parsing 'cvt ' table...
Parsing 'loca' table...
Parsing 'glyf' table...
Parsing 'kern' table...
Parsing 'name' table...
Parsing 'post' table...
Parsing 'gasp' table...
Parsing 'GPOS' table...
Compiling "/home/travis/build/fontdirectory/bitter/builds/build/sources/Bitter-Italic.ttx" to "/home/travis/build/fontdirectory/bitter/builds/build/Bitter-Italic.ttf"...
Parsing 'GlyphOrder' table...
Parsing 'head' table...
Parsing 'hhea' table...
Parsing 'maxp' table...
Parsing 'OS/2' table...
Parsing 'hmtx' table...
Parsing 'cmap' table...
Parsing 'prep' table...
Parsing 'loca' table...
Parsing 'glyf' table...
Parsing 'name' table...
Parsing 'post' table...
Parsing 'gasp' table...
Parsing 'FFTM' table...
Parsing 'GDEF' table...
Parsing 'DSIG' table...
Compiling "/home/travis/build/fontdirectory/bitter/builds/build/sources/Bitter-Bold.ttx" to "/home/travis/build/fontdirectory/bitter/builds/build/Bitter-Bold.ttf"...
Parsing 'GlyphOrder' table...
Parsing 'head' table...
Parsing 'hhea' table...
Parsing 'maxp' table...
Parsing 'OS/2' table...
Parsing 'hmtx' table...
Parsing 'cmap' table...
Parsing 'prep' table...
Parsing 'loca' table...
Parsing 'glyf' table...
Parsing 'name' table...
Parsing 'post' table...
Parsing 'gasp' table...
Parsing 'FFTM' table...
Parsing 'GDEF' table...
Parsing 'GPOS' table...
Parsing 'GSUB' table...
Parsing 'DSIG' table...
Compiling "/home/travis/build/fontdirectory/bitter/builds/build/sources/Bitter-BoldItalic.ttx" to "/home/travis/build/fontdirectory/bitter/builds/build/Bitter-BoldItalic.otf"...
Parsing 'GlyphOrder' table...
Parsing 'head' table...
Parsing 'hhea' table...
Parsing 'maxp' table...
Parsing 'OS/2' table...
Parsing 'name' table...
Parsing 'cmap' table...
Parsing 'post' table...
Parsing 'CFF ' table...
Parsing 'GPOS' table...
Parsing 'hmtx' table...
Parsing 'kern' table...
### Test Bitter-Regular.ttf
$ bakery-lint.py result Bitter-Regular.ttf
### Test Bitter-Italic.ttf
$ bakery-lint.py result Bitter-Italic.ttf
$ font2ttf.py sources/Bitter-BoldItalic.otf Bitter-BoldItalic.ttf
This font contains both a 'kern' table and a 'GPOS' table.
  The 'kern' table will only be read if there is no 'kern' feature in 'GPOS'.
Warning: Mac and Windows entries in the 'name' table differ for the
 Fullname string in the language English (US)
 Mac String: Bitter Bold Italic
Windows String: Bitter-BoldItalic
### Test Bitter-Bold.ttf
$ bakery-lint.py result Bitter-Bold.ttf
bakery_lint.tests.downstream.test_names_are_ascii_only.CheckNamesAreASCIIOnly.test_check_names_are_ascii_only(): OK
bakery_lint.tests.downstream.test_gpos_table_has_kerning_info.CheckGposTableHasKerningInfo.test_gpos_table_has_kerning_info(): OK
bakery_lint.tests.downstream.test_gasp_table_value.CheckGaspTableType.test_check_gasp_table_type(): OK
$ bakery-gasp.py --set=15 /home/travis/build/fontdirectory/bitter/builds/build/Bitter-Regular.ttf
bakery_lint.tests.downstream.test_names_are_ascii_only.CheckNamesAreASCIIOnly.test_check_names_are_ascii_only(): OK
bakery_lint.tests.downstream.test_gpos_table_has_kerning_info.CheckGposTableHasKerningInfo.test_gpos_table_has_kerning_info(): FAIL
bakery_lint.tests.downstream.test_gasp_table_value.CheckGaspTableType.test_check_gasp_table_type(): OK
$ bakery-gasp.py --set=15 /home/travis/build/fontdirectory/bitter/builds/build/Bitter-Italic.ttf
bakery_lint.tests.downstream.test_names_are_ascii_only.CheckNamesAreASCIIOnly.test_check_names_are_ascii_only(): OK
bakery_lint.tests.downstream.test_gpos_table_has_kerning_info.CheckGposTableHasKerningInfo.test_gpos_table_has_kerning_info(): OK
bakery_lint.tests.downstream.test_gasp_table_value.CheckGaspTableType.test_check_gasp_table_type(): OK
$ bakery-gasp.py --set=15 /home/travis/build/fontdirectory/bitter/builds/build/Bitter-Bold.ttf
$ mv /home/travis/build/fontdirectory/bitter/builds/build/Bitter-Italic.ttf.fix /home/travis/build/fontdirectory/bitter/builds/build/Bitter-Italic.ttf
$ mv /home/travis/build/fontdirectory/bitter/builds/build/Bitter-Regular.ttf.fix /home/travis/build/fontdirectory/bitter/builds/build/Bitter-Regular.ttf
The following table(s) in the font have been ignored by FontForge
  Ignoring 'DSIG' digital signature table
The following table(s) in the font have been ignored by FontForge
  Ignoring 'LTSH' linear threshold table
  Ignoring 'VDMX' vertical device metrics table
  Ignoring 'hdmx' horizontal device metrics table
This font contains both a 'kern' table and a 'GPOS' table.
  The 'kern' table will only be read if there is no 'kern' feature in 'GPOS'.
$ mv /home/travis/build/fontdirectory/bitter/builds/build/Bitter-Bold.ttf.fix /home/travis/build/fontdirectory/bitter/builds/build/Bitter-Bold.ttf
The following table(s) in the font have been ignored by FontForge
  Ignoring 'DSIG' digital signature table
bakery_lint.tests.downstream.test_fontforge_validation_state.FontForgeValidateStateTest.test_allowed_numbers_paths_in_composite_glyphs(): OK
bakery_lint.tests.downstream.test_fontforge_validation_state.FontForgeValidateStateTest.test_allowed_numbers_paths_in_composite_glyphs(): OK
bakery_lint.tests.downstream.test_fontforge_validation_state.FontForgeValidateStateTest.test_allowed_numbers_paths_in_glyphs(): OK
bakery_lint.tests.downstream.test_fontforge_validation_state.FontForgeValidateStateTest.test_allowed_numbers_paths_in_glyphs(): OK
bakery_lint.tests.downstream.test_fontforge_validation_state.FontForgeValidateStateTest.test_allowed_numbers_points_in_composite_glyphs(): OK
bakery_lint.tests.downstream.test_fontforge_validation_state.FontForgeValidateStateTest.test_allowed_numbers_points_in_composite_glyphs(): OK
bakery_lint.tests.downstream.test_fontforge_validation_state.FontForgeValidateStateTest.test_allowed_numbers_points_in_glyphs(): OK
bakery_lint.tests.downstream.test_fontforge_validation_state.FontForgeValidateStateTest.test_allowed_numbers_points_in_glyphs(): OK
bakery_lint.tests.downstream.test_fontforge_validation_state.FontForgeValidateStateTest.test_duplicate_glyphs(): OK
bakery_lint.tests.downstream.test_fontforge_validation_state.FontForgeValidateStateTest.test_duplicate_glyphs(): OK
bakery_lint.tests.downstream.test_fontforge_validation_state.FontForgeValidateStateTest.test_duplicate_unicode_codepoints(): OK
bakery_lint.tests.downstream.test_fontforge_validation_state.FontForgeValidateStateTest.test_duplicate_unicode_codepoints(): OK
bakery_lint.tests.downstream.test_fontforge_validation_state.FontForgeValidateStateTest.test_flipped_reference_in_glyphs(): OK
bakery_lint.tests.downstream.test_fontforge_validation_state.FontForgeValidateStateTest.test_flipped_reference_in_glyphs(): OK
bakery_lint.tests.downstream.test_fontforge_validation_state.FontForgeValidateStateTest.test_missing_anchors(): OK
bakery_lint.tests.downstream.test_fontforge_validation_state.FontForgeValidateStateTest.test_missing_anchors(): OK
bakery_lint.tests.downstream.test_fontforge_validation_state.FontForgeValidateStateTest.test_missing_extrema_in_glyphs(): OK
bakery_lint.tests.downstream.test_fontforge_validation_state.FontForgeValidateStateTest.test_overlapped_hints(): OK
bakery_lint.tests.downstream.test_fontforge_validation_state.FontForgeValidateStateTest.test_points_are_integer_aligned(): OK
bakery_lint.tests.downstream.test_fontforge_validation_state.FontForgeValidateStateTest.test_points_are_not_too_far_apart(): OK
bakery_lint.tests.downstream.test_fontforge_validation_state.FontForgeValidateStateTest.test_missing_extrema_in_glyphs(): FAIL
bakery_lint.tests.downstream.test_fontforge_validation_state.FontForgeValidateStateTest.test_postscript_hasnt_limit_hints_in_glyphs(): OK
bakery_lint.tests.downstream.test_fontforge_validation_state.FontForgeValidateStateTest.test_overlapped_hints(): OK
bakery_lint.tests.downstream.test_fontforge_validation_state.FontForgeValidateStateTest.test_postscript_hasnt_limit_points_in_glyphs(): OK
bakery_lint.tests.downstream.test_fontforge_validation_state.FontForgeValidateStateTest.test_referenced_glyphs_are_present(): OK
bakery_lint.tests.downstream.test_fontforge_validation_state.FontForgeValidateStateTest.test_points_are_integer_aligned(): OK
bakery_lint.tests.downstream.test_fontforge_validation_state.FontForgeValidateStateTest.test_valid_glyph_names(): OK
bakery_lint.tests.downstream.test_fontforge_validation_state.FontForgeValidateStateTest.test_points_are_not_too_far_apart(): OK
bakery_lint.tests.downstream.test_fontforge_validation_state.FontForgeValidateStateTest.test_valid_length_instructions(): OK
bakery_lint.tests.downstream.test_fontforge_validation_state.FontForgeValidateStateTest.test_postscript_hasnt_limit_hints_in_glyphs(): OK
bakery_lint.tests.downstream.test_fontforge_validation_state.FontForgeValidateStateTest.test_postscript_hasnt_limit_points_in_glyphs(): OK
bakery_lint.tests.downstream.test_fontforge_validation_state.FontForgeValidateStateTest.test_referenced_glyphs_are_present(): OK
bakery_lint.tests.downstream.test_fontforge_validation_state.FontForgeValidateStateTest.test_valid_glyph_names(): OK
bakery_lint.tests.downstream.test_fontforge_validation_state.FontForgeValidateStateTest.test_validation_glyph_intersect(): FAIL
bakery_lint.tests.downstream.test_fontforge_validation_state.FontForgeValidateStateTest.test_valid_length_instructions(): OK
bakery_lint.tests.downstream.test_fontforge_validation_state.FontForgeValidateStateTest.test_validation_open_contours(): OK
bakery_lint.tests.downstream.test_fontforge_validation_state.FontForgeValidateStateTest.test_wrong_direction_in_glyphs(): OK
bakery_lint.tests.downstream.test_fontforge_validation_state.FontForgeValidateStateTest.test_validation_glyph_intersect(): FAIL
bakery_lint.tests.downstream.test_fontforge_validation_state.FontForgeValidateStateTest.test_validation_open_contours(): OK
bakery_lint.tests.downstream.test_fontforge_validation_state.FontForgeValidateStateTest.test_wrong_direction_in_glyphs(): FAIL
bakery_lint.tests.downstream.test_fontforge_validation_state.FontForgeValidateStateTest.test_allowed_numbers_paths_in_composite_glyphs(): OK
bakery_lint.tests.downstream.test_fontforge_validation_state.FontForgeValidateStateTest.test_allowed_numbers_paths_in_glyphs(): OK
bakery_lint.tests.downstream.test_fontforge_validation_state.FontForgeValidateStateTest.test_allowed_numbers_points_in_composite_glyphs(): OK
bakery_lint.tests.downstream.test_fontforge_validation_state.FontForgeValidateStateTest.test_allowed_numbers_points_in_glyphs(): OK
bakery_lint.tests.downstream.test_fontforge_validation_state.FontForgeValidateStateTest.test_duplicate_glyphs(): OK
bakery_lint.tests.downstream.test_fontforge_validation_state.FontForgeValidateStateTest.test_duplicate_unicode_codepoints(): OK
bakery_lint.tests.downstream.test_fontforge_validation_state.FontForgeValidateStateTest.test_flipped_reference_in_glyphs(): OK
bakery_lint.tests.downstream.test_fontforge_validation_state.FontForgeValidateStateTest.test_missing_anchors(): OK
bakery_lint.tests.downstream.test_fontforge_validation_state.FontForgeValidateStateTest.test_missing_extrema_in_glyphs(): OK
bakery_lint.tests.downstream.test_fontforge_validation_state.FontForgeValidateStateTest.test_overlapped_hints(): OK
bakery_lint.tests.downstream.test_fontforge_validation_state.FontForgeValidateStateTest.test_points_are_integer_aligned(): OK
bakery_lint.tests.downstream.test_fontforge_validation_state.FontForgeValidateStateTest.test_points_are_not_too_far_apart(): OK
bakery_lint.tests.downstream.test_fontforge_validation_state.FontForgeValidateStateTest.test_postscript_hasnt_limit_hints_in_glyphs(): OK
bakery_lint.tests.downstream.test_fontforge_validation_state.FontForgeValidateStateTest.test_postscript_hasnt_limit_points_in_glyphs(): OK
bakery_lint.tests.downstream.test_fontforge_validation_state.FontForgeValidateStateTest.test_referenced_glyphs_are_present(): OK
bakery_lint.tests.downstream.test_fontforge_validation_state.FontForgeValidateStateTest.test_valid_glyph_names(): OK
bakery_lint.tests.downstream.test_fontforge_validation_state.FontForgeValidateStateTest.test_valid_length_instructions(): OK
bakery_lint.tests.downstream.test_fontforge_validation_state.FontForgeValidateStateTest.test_validation_glyph_intersect(): FAIL
bakery_lint.tests.downstream.test_fontforge_validation_state.FontForgeValidateStateTest.test_validation_open_contours(): OK
bakery_lint.tests.downstream.test_fontforge_validation_state.FontForgeValidateStateTest.test_wrong_direction_in_glyphs(): OK
bakery_lint.tests.downstream.test_check_vertical_metrics.CheckVerticalLinegapMetrics.test_metrics_linegaps_are_zero(): FAIL
bakery_lint.tests.downstream.test_check_vertical_metrics.CheckVerticalLinegapMetrics.test_metrics_linegaps_are_zero(): FAIL
bakery_lint.tests.downstream.test_check_vertical_metrics.CheckVerticalLinegapMetrics.test_metrics_linegaps_are_zero(): FAIL
$ bakery-vmet-fix.py --autofix /home/travis/build/fontdirectory/bitter/builds/build/Bitter-Bold.ttf /home/travis/build/fontdirectory/bitter/builds/build/Bitter-Regular.ttf /home/travis/build/fontdirectory/bitter/builds/build/Bitter-Italic.ttf /home/travis/build/fontdirectory/bitter/builds/build/Bitter-BoldItalic.otf
$ bakery-vmet-fix.py --autofix /home/travis/build/fontdirectory/bitter/builds/build/Bitter-Bold.ttf /home/travis/build/fontdirectory/bitter/builds/build/Bitter-Regular.ttf /home/travis/build/fontdirectory/bitter/builds/build/Bitter-Italic.ttf /home/travis/build/fontdirectory/bitter/builds/build/Bitter-BoldItalic.otf
$ bakery-vmet-fix.py --autofix /home/travis/build/fontdirectory/bitter/builds/build/Bitter-Bold.ttf /home/travis/build/fontdirectory/bitter/builds/build/Bitter-Regular.ttf /home/travis/build/fontdirectory/bitter/builds/build/Bitter-Italic.ttf /home/travis/build/fontdirectory/bitter/builds/build/Bitter-BoldItalic.otf
Success: Generated OpenType-TTF (/home/travis/build/fontdirectory/bitter/builds/build/Bitter-BoldItalic.ttf)
strippedname:/home/travis/build/fontdirectory/bitter/builds/build/Bitter-BoldItalic.otf
### Test Bitter-BoldItalic.ttf
$ bakery-lint.py result Bitter-BoldItalic.ttf
### (5 of 6) Generate METADATA.json (genmetadata.py)
$ genmetadata.py /home/travis/build/fontdirectory/bitter/builds/build
{} exists
Designer's name from font is: Sol Matas
bakery_lint.tests.downstream.test_names_are_ascii_only.CheckNamesAreASCIIOnly.test_check_names_are_ascii_only(): OK
bakery_lint.tests.downstream.test_gpos_table_has_kerning_info.CheckGposTableHasKerningInfo.test_gpos_table_has_kerning_info(): OK
bakery_lint.tests.downstream.test_gasp_table_value.CheckGaspTableType.test_check_gasp_table_type(): FAIL
$ bakery-gasp.py --set=15 /home/travis/build/fontdirectory/bitter/builds/build/Bitter-BoldItalic.ttf
$ mv /home/travis/build/fontdirectory/bitter/builds/build/Bitter-BoldItalic.ttf.fix /home/travis/build/fontdirectory/bitter/builds/build/Bitter-BoldItalic.ttf
bakery_lint.tests.downstream.test_gasp_table_value.CheckGaspTableType.test_check_gasp_table_type(): OK
$ bakery-gasp.py --set=15 /home/travis/build/fontdirectory/bitter/builds/build/Bitter-BoldItalic.ttf
$ mv /home/travis/build/fontdirectory/bitter/builds/build/Bitter-BoldItalic.ttf.fix /home/travis/build/fontdirectory/bitter/builds/build/Bitter-BoldItalic.ttf
The following table(s) in the font have been ignored by FontForge
  Ignoring 'DSIG' digital signature table
Original size: 89848\nGzip size: 45484
Family Name: Bitter
PS Name: Bitter-BoldItalic
Full Name: Bitter-BoldItalic
Style: normal
Weight: 700
Filename: Bitter-BoldItalic.ttf
Copyright: Copyright (c) 2011-2013, Sol Matas (www.huertatipografica.com.ar), with Reserved Font Name 'Bitter'
Family Name: Bitter
PS Name: Bitter-Bold
Full Name: Bitter-Bold
Style: normal
Weight: 700
Filename: Bitter-Bold.ttf
Copyright: Copyright (c) 2011, Sol Matas (www.huertatipografica.com.ar), with Reserved Font Name "Bitter"
Family Name: Bitter
PS Name: Bitter-Regular
Full Name: Bitter-Regular
Style: normal
Weight: 400
Filename: Bitter-Regular.ttf
Copyright: Copyright (c) 2011, Sol Matas (www.huertatipografica.com.ar), with Reserved Font Name "Bitter"
Family Name: Bitter
PS Name: Bitter-Italic
Full Name: Bitter-Italic
Style: italic
Weight: 400
Filename: Bitter-Italic.ttf
Copyright: Copyright (c) 2011, Sol Matas (www.huertatipografica.com.ar), with Reserved Font Name "Bitter"
Error: 
ERROR: BUILD FAILED
Process Process-7:
Traceback (most recent call last):
  File "/opt/python/2.7.8/lib/python2.7/multiprocessing/process.py", line 258, in _bootstrap
    self.run()
  File "/opt/python/2.7.8/lib/python2.7/multiprocessing/process.py", line 114, in run
    self._target(*self._args, **self._kwargs)
  File "/home/travis/virtualenv/python2.7.8/lib/python2.7/site-packages/bakery_cli/pipe/build.py", line 114, in run_processes
    fontlint.run(filename, pipedata)
  File "/home/travis/virtualenv/python2.7.8/lib/python2.7/site-packages/bakery_cli/pipe/fontlint.py", line 60, in run
    log=self.bakery.logger)
  File "/home/travis/virtualenv/python2.7.8/lib/python2.7/site-packages/bakery_lint/__init__.py", line 27, in run_set
    return run_suite(tests_suite)
  File "/home/travis/virtualenv/python2.7.8/lib/python2.7/site-packages/bakery_lint/base.py", line 246, in run_suite
    runner.run(suite)
  File "/home/travis/virtualenv/python2.7.8/lib/python2.7/site-packages/bakery_lint/base.py", line 171, in run
    test(result)
  File "/opt/python/2.7.8/lib/python2.7/unittest/suite.py", line 70, in __call__
    return self.run(*args, **kwds)
  File "/opt/python/2.7.8/lib/python2.7/unittest/suite.py", line 108, in run
    test(result)
  File "/opt/python/2.7.8/lib/python2.7/unittest/case.py", line 393, in __call__
    return self.run(*args, **kwds)
  File "/opt/python/2.7.8/lib/python2.7/unittest/case.py", line 333, in run
    result.addFailure(self, sys.exc_info())
  File "/home/travis/virtualenv/python2.7.8/lib/python2.7/site-packages/bakery_lint/base.py", line 136, in addFailure
    self.callmethod(test_method.autofix_method, test)
  File "/home/travis/virtualenv/python2.7.8/lib/python2.7/site-packages/bakery_lint/base.py", line 91, in callmethod
    getattr(mod, methodname.split('.')[-1])(test)
  File "/home/travis/virtualenv/python2.7.8/lib/python2.7/site-packages/bakery_cli/pipe/autofix.py", line 121, in fix_metrics
    metricfix(paths)
  File "/home/travis/virtualenv/python2.7.8/lib/python2.7/site-packages/bakery_cli/scripts/vmet.py", line 70, in metricfix
    metrics = Font(f)
  File "/home/travis/virtualenv/python2.7.8/lib/python2.7/site-packages/bakery_cli/ttfont.py", line 43, in __init__
    self.ttfont = ttLib.TTFont(fontpath)
  File "/home/travis/virtualenv/python2.7.8/lib/python2.7/site-packages/FontTools/fontTools/ttLib/__init__.py", line 163, in __init__
    file = open(file, "rb")
IOError: [Errno 2] No such file or directory: '/home/travis/build/fontdirectory/bitter/builds/build/Bitter-BoldItalic.otf'
strippedname:/home/travis/build/fontdirectory/bitter/builds/build/Bitter-Regular.ttf
Process Process-9:
Traceback (most recent call last):
  File "/opt/python/2.7.8/lib/python2.7/multiprocessing/process.py", line 258, in _bootstrap
    self.run()
  File "/opt/python/2.7.8/lib/python2.7/multiprocessing/process.py", line 114, in run
    self._target(*self._args, **self._kwargs)
  File "/home/travis/virtualenv/python2.7.8/lib/python2.7/site-packages/bakery_cli/pipe/build.py", line 114, in run_processes
    fontlint.run(filename, pipedata)
  File "/home/travis/virtualenv/python2.7.8/lib/python2.7/site-packages/bakery_cli/pipe/fontlint.py", line 60, in run
    log=self.bakery.logger)
  File "/home/travis/virtualenv/python2.7.8/lib/python2.7/site-packages/bakery_lint/__init__.py", line 27, in run_set
    return run_suite(tests_suite)
  File "/home/travis/virtualenv/python2.7.8/lib/python2.7/site-packages/bakery_lint/base.py", line 246, in run_suite
    runner.run(suite)
  File "/home/travis/virtualenv/python2.7.8/lib/python2.7/site-packages/bakery_lint/base.py", line 171, in run
    test(result)
  File "/opt/python/2.7.8/lib/python2.7/unittest/suite.py", line 70, in __call__
    return self.run(*args, **kwds)
  File "/opt/python/2.7.8/lib/python2.7/unittest/suite.py", line 108, in run
    test(result)
  File "/opt/python/2.7.8/lib/python2.7/unittest/case.py", line 393, in __call__
    return self.run(*args, **kwds)
  File "/opt/python/2.7.8/lib/python2.7/unittest/case.py", line 333, in run
    result.addFailure(self, sys.exc_info())
  File "/home/travis/virtualenv/python2.7.8/lib/python2.7/site-packages/bakery_lint/base.py", line 136, in addFailure
    self.callmethod(test_method.autofix_method, test)
  File "/home/travis/virtualenv/python2.7.8/lib/python2.7/site-packages/bakery_lint/base.py", line 91, in callmethod
    getattr(mod, methodname.split('.')[-1])(test)
  File "/home/travis/virtualenv/python2.7.8/lib/python2.7/site-packages/bakery_cli/pipe/autofix.py", line 121, in fix_metrics
    metricfix(paths)
  File "/home/travis/virtualenv/python2.7.8/lib/python2.7/site-packages/bakery_cli/scripts/vmet.py", line 70, in metricfix
    metrics = Font(f)
  File "/home/travis/virtualenv/python2.7.8/lib/python2.7/site-packages/bakery_cli/ttfont.py", line 43, in __init__
    self.ttfont = ttLib.TTFont(fontpath)
  File "/home/travis/virtualenv/python2.7.8/lib/python2.7/site-packages/FontTools/fontTools/ttLib/__init__.py", line 163, in __init__
    file = open(file, "rb")
IOError: [Errno 2] No such file or directory: '/home/travis/build/fontdirectory/bitter/builds/build/Bitter-BoldItalic.otf'
strippedname:/home/travis/build/fontdirectory/bitter/builds/build/Bitter-Bold.ttf
Process Process-8:
Traceback (most recent call last):
  File "/opt/python/2.7.8/lib/python2.7/multiprocessing/process.py", line 258, in _bootstrap
    self.run()
  File "/opt/python/2.7.8/lib/python2.7/multiprocessing/process.py", line 114, in run
    self._target(*self._args, **self._kwargs)
  File "/home/travis/virtualenv/python2.7.8/lib/python2.7/site-packages/bakery_cli/pipe/build.py", line 114, in run_processes
    fontlint.run(filename, pipedata)
  File "/home/travis/virtualenv/python2.7.8/lib/python2.7/site-packages/bakery_cli/pipe/fontlint.py", line 60, in run
    log=self.bakery.logger)
  File "/home/travis/virtualenv/python2.7.8/lib/python2.7/site-packages/bakery_lint/__init__.py", line 27, in run_set
    return run_suite(tests_suite)
  File "/home/travis/virtualenv/python2.7.8/lib/python2.7/site-packages/bakery_lint/base.py", line 246, in run_suite
    runner.run(suite)
  File "/home/travis/virtualenv/python2.7.8/lib/python2.7/site-packages/bakery_lint/base.py", line 171, in run
    test(result)
  File "/opt/python/2.7.8/lib/python2.7/unittest/suite.py", line 70, in __call__
    return self.run(*args, **kwds)
  File "/opt/python/2.7.8/lib/python2.7/unittest/suite.py", line 108, in run
    test(result)
  File "/opt/python/2.7.8/lib/python2.7/unittest/case.py", line 393, in __call__
    return self.run(*args, **kwds)
  File "/opt/python/2.7.8/lib/python2.7/unittest/case.py", line 333, in run
    result.addFailure(self, sys.exc_info())
  File "/home/travis/virtualenv/python2.7.8/lib/python2.7/site-packages/bakery_lint/base.py", line 136, in addFailure
    self.callmethod(test_method.autofix_method, test)
  File "/home/travis/virtualenv/python2.7.8/lib/python2.7/site-packages/bakery_lint/base.py", line 91, in callmethod
    getattr(mod, methodname.split('.')[-1])(test)
  File "/home/travis/virtualenv/python2.7.8/lib/python2.7/site-packages/bakery_cli/pipe/autofix.py", line 121, in fix_metrics
    metricfix(paths)
  File "/home/travis/virtualenv/python2.7.8/lib/python2.7/site-packages/bakery_cli/scripts/vmet.py", line 70, in metricfix
    metrics = Font(f)
  File "/home/travis/virtualenv/python2.7.8/lib/python2.7/site-packages/bakery_cli/ttfont.py", line 43, in __init__
    self.ttfont = ttLib.TTFont(fontpath)
  File "/home/travis/virtualenv/python2.7.8/lib/python2.7/site-packages/FontTools/fontTools/ttLib/__init__.py", line 163, in __init__
    file = open(file, "rb")
IOError: [Errno 2] No such file or directory: '/home/travis/build/fontdirectory/bitter/builds/build/Bitter-BoldItalic.otf'
strippedname:/home/travis/build/fontdirectory/bitter/builds/build/Bitter-Italic.ttf
bakery_lint.tests.downstream.test_fontforge_validation_state.FontForgeValidateStateTest.test_allowed_numbers_paths_in_composite_glyphs(): OK
bakery_lint.tests.downstream.test_fontforge_validation_state.FontForgeValidateStateTest.test_allowed_numbers_paths_in_glyphs(): OK
bakery_lint.tests.downstream.test_fontforge_validation_state.FontForgeValidateStateTest.test_allowed_numbers_points_in_composite_glyphs(): OK
bakery_lint.tests.downstream.test_fontforge_validation_state.FontForgeValidateStateTest.test_allowed_numbers_points_in_glyphs(): OK
bakery_lint.tests.downstream.test_fontforge_validation_state.FontForgeValidateStateTest.test_duplicate_glyphs(): OK
bakery_lint.tests.downstream.test_fontforge_validation_state.FontForgeValidateStateTest.test_duplicate_unicode_codepoints(): OK
bakery_lint.tests.downstream.test_fontforge_validation_state.FontForgeValidateStateTest.test_flipped_reference_in_glyphs(): OK
bakery_lint.tests.downstream.test_fontforge_validation_state.FontForgeValidateStateTest.test_missing_anchors(): OK
bakery_lint.tests.downstream.test_fontforge_validation_state.FontForgeValidateStateTest.test_missing_extrema_in_glyphs(): FAIL
bakery_lint.tests.downstream.test_fontforge_validation_state.FontForgeValidateStateTest.test_overlapped_hints(): OK
bakery_lint.tests.downstream.test_fontforge_validation_state.FontForgeValidateStateTest.test_points_are_integer_aligned(): OK
bakery_lint.tests.downstream.test_fontforge_validation_state.FontForgeValidateStateTest.test_points_are_not_too_far_apart(): OK
bakery_lint.tests.downstream.test_fontforge_validation_state.FontForgeValidateStateTest.test_postscript_hasnt_limit_hints_in_glyphs(): OK
bakery_lint.tests.downstream.test_fontforge_validation_state.FontForgeValidateStateTest.test_postscript_hasnt_limit_points_in_glyphs(): OK
bakery_lint.tests.downstream.test_fontforge_validation_state.FontForgeValidateStateTest.test_referenced_glyphs_are_present(): OK
bakery_lint.tests.downstream.test_fontforge_validation_state.FontForgeValidateStateTest.test_valid_glyph_names(): OK
bakery_lint.tests.downstream.test_fontforge_validation_state.FontForgeValidateStateTest.test_valid_length_instructions(): OK
bakery_lint.tests.downstream.test_fontforge_validation_state.FontForgeValidateStateTest.test_validation_glyph_intersect(): FAIL
bakery_lint.tests.downstream.test_fontforge_validation_state.FontForgeValidateStateTest.test_validation_open_contours(): OK
bakery_lint.tests.downstream.test_fontforge_validation_state.FontForgeValidateStateTest.test_wrong_direction_in_glyphs(): OK
bakery_lint.tests.downstream.test_check_vertical_metrics.CheckVerticalLinegapMetrics.test_metrics_linegaps_are_zero(): FAIL
$ bakery-vmet-fix.py --autofix /home/travis/build/fontdirectory/bitter/builds/build/Bitter-BoldItalic.ttf /home/travis/build/fontdirectory/bitter/builds/build/Bitter-Bold.ttf /home/travis/build/fontdirectory/bitter/builds/build/Bitter-Regular.ttf /home/travis/build/fontdirectory/bitter/builds/build/Bitter-Italic.ttf
$ mv /home/travis/build/fontdirectory/bitter/builds/build/Bitter-BoldItalic.ttf.fix /home/travis/build/fontdirectory/bitter/builds/build/Bitter-BoldItalic.ttf
$ mv /home/travis/build/fontdirectory/bitter/builds/build/Bitter-Bold.ttf.fix /home/travis/build/fontdirectory/bitter/builds/build/Bitter-Bold.ttf
$ mv /home/travis/build/fontdirectory/bitter/builds/build/Bitter-Regular.ttf.fix /home/travis/build/fontdirectory/bitter/builds/build/Bitter-Regular.ttf
$ mv /home/travis/build/fontdirectory/bitter/builds/build/Bitter-Italic.ttf.fix /home/travis/build/fontdirectory/bitter/builds/build/Bitter-Italic.ttf
$ bakery-vmet-fix.py /home/travis/build/fontdirectory/bitter/builds/build/Bitter-BoldItalic.ttf /home/travis/build/fontdirectory/bitter/builds/build/Bitter-Bold.ttf /home/travis/build/fontdirectory/bitter/builds/build/Bitter-Regular.ttf /home/travis/build/fontdirectory/bitter/builds/build/Bitter-Italic.ttf
Parameter              Bitter-BoldItalic.ttf    Bitter-Bold.ttf    Bitter-Regular.ttf    Bitter-Italic.ttf    
ymax                   1142                     957                935                   1090                 
hhea.ascent            1142                     1142               1142                  1142                 
OS/2.sTypoAscender     1142                     1142               1142                  1142                 
OS/2.usWinAscent       1142                     1142               1142                  1142                 
ymin                   -360                     -265               -265                  -270                 
hhea.descent           -360                     -360               -360                  -360                 
OS/2.sTypoDescender    -360                     -360               -360                  -360                 
OS/2.usWinDescent      360                      360                360                   360                  
hhea.lineGap           0                        0                  0                     0                    
OS/2.sTypoLineGap      0                        0                  0                     0                    
hhea total             1502                     1502               1502                  1502                 
typo total             1502                     1502               1502                  1502                 
win total              1502                     1502               1502                  1502                 
UPM:Heights            1000:1502                1000:1222          1000:1200             1000:1360            
UPM:Heights %          150 %                    122 %              120 %                 136 %                


bakery_lint.tests.downstream.test_check_vertical_metrics.CheckVerticalLinegapMetrics.test_metrics_linegaps_are_zero(): OK
bakery_lint.tests.downstream.test_check_vertical_metrics.CheckVerticalAscentMetrics.test_metrics_ascents_equal_bbox(): OK
bakery_lint.tests.downstream.test_check_vertical_metrics.CheckVerticalDescentMetrics.test_metrics_descents_equal_bbox(): OK
bakery_lint.tests.downstream.test_check_upm_heights_less_120.TestCheckUPMHeightsLess120.test_check_upm_heigths_less_120(): FAIL
bakery_lint.tests.downstream.test_check_unused_glyph_data.CheckUnusedGlyphData.test_check_unused_glyph_data(): ERROR
bakery_lint.tests.downstream.test_check_unencoded_glyph.TestFontUnencodedGlyph.test_font_unencoded_glyphs(): FAIL
$ bakery-encode-glyphs-fix.py --autofix /home/travis/build/fontdirectory/bitter/builds/build/Bitter-BoldItalic.ttf
$ mv /home/travis/build/fontdirectory/bitter/builds/build/Bitter-BoldItalic.ttf.fix /home/travis/build/fontdirectory/bitter/builds/build/Bitter-BoldItalic.ttf
bakery_lint.tests.downstream.test_check_unencoded_glyph.TestFontUnencodedGlyph.test_font_unencoded_glyphs(): FAIL
bakery_lint.tests.downstream.test_check_panose_identification.CheckPanoseIdentification.test_check_panose_identification(): OK
bakery_lint.tests.downstream.test_check_os2_width_class.CheckOS2WidthClass.test_check_os2_width_class(): OK
bakery_lint.tests.downstream.test_check_no_problematic_formats.CheckNoProblematicFormats.test_check_no_problematic_formats(): OK
bakery_lint.tests.downstream.test_check_nbsp_width_matches_sp_width.CheckNbspWidthMatchesSpWidth.test_check_nbsp_width_matches_sp_width(): OK
bakery_lint.tests.downstream.test_check_names_same_across_platforms.CheckNamesSameAcrossPlatforms.test_check_names_same_across_platforms(): OK
bakery_lint.tests.downstream.test_check_name_table_recommendation.CheckStyleNameRecommendation.test_check_stylename_is_under_recommendations(): OK
bakery_lint.tests.downstream.test_check_name_table_recommendation.CheckOTFamilyNameRecommendation.test_check_opentype_familyname(): FAIL
$ bakery-opentype-fix.py /home/travis/build/fontdirectory/bitter/builds/build/Bitter-BoldItalic.ttf
$ mv /home/travis/build/fontdirectory/bitter/builds/build/Bitter-BoldItalic.ttf.fix /home/travis/build/fontdirectory/bitter/builds/build/Bitter-BoldItalic.ttf
bakery_lint.tests.downstream.test_check_name_table_recommendation.CheckOTFamilyNameRecommendation.test_check_opentype_familyname(): OK
bakery_lint.tests.downstream.test_check_name_table_recommendation.CheckOTStyleNameRecommendation.test_check_opentype_stylename(): OK
bakery_lint.tests.downstream.test_check_name_table_recommendation.CheckOTFullNameRecommendation.test_check_opentype_fullname(): OK
bakery_lint.tests.downstream.test_check_magic_prep_code.CheckMagicPREPByteCode.test_prep_magic_code(): FAIL
bakery_lint.tests.downstream.test_check_license_included.CheckLicenseIncluded.test_license_included_in_font_names(): ERROR
bakery_lint.tests.downstream.test_check_italic_angle_agreement.CheckItalicAngleAgreement.test_check_italic_angle_agreement(): OK
bakery_lint.tests.downstream.test_check_hmtx_hhea_max_advance_width_agreement.CheckHmtxHheaMaxAdvanceWidthAgreement.test_check_hmtx_hhea_max_advance_width_agreement(): OK
bakery_lint.tests.downstream.test_check_glyph_existence.CheckGlyphExistence.test_euro(): OK
bakery_lint.tests.downstream.test_check_glyph_existence.CheckGlyphExistence.test_nbsp(): OK
bakery_lint.tests.downstream.test_check_glyph_existence.CheckGlyphExistence.test_space(): OK
bakery_lint.tests.downstream.test_check_glyf_table_length.CheckGlyfTableLength.test_check_glyf_table_length(): FAIL
bakery_lint.tests.downstream.test_check_full_font_name_begins_with_family_name.CheckFullFontNameBeginsWithFamilyName.test_check_full_font_name_begins_with_family_name(): OK
bakery_lint.tests.downstream.test_check_fontname_matches_macstyle.CheckFontNameEqualToMacStyleFlags.test_fontname_is_equal_to_macstyle(): OK
bakery_lint.tests.downstream.test_check_font_tables.CheckFontHasDsigTable.test_check_font_has_dsig_table(): OK
bakery_lint.tests.downstream.test_check_font_tables.CheckFontHasNotKernTable.test_no_kern_table_exists(): OK
bakery_lint.tests.downstream.test_check_font_agreements.CheckFsTypeIsNotSet.test_is_fstype_not_set(): OK
$ bakery-fstype-fix.py --autofix /home/travis/build/fontdirectory/bitter/builds/build/Bitter-BoldItalic.ttf
$ mv /home/travis/build/fontdirectory/bitter/builds/build/Bitter-BoldItalic.ttf.fix /home/travis/build/fontdirectory/bitter/builds/build/Bitter-BoldItalic.ttf
bakery_lint.tests.downstream.test_check_font_agreements.CheckFontAgreements.test_em_is_1000(): OK
bakery_lint.tests.downstream.test_check_font_agreements.CheckFontAgreements.test_file_is_font(): OK
bakery_lint.tests.downstream.test_check_font_agreements.CheckFontAgreements.test_font_is_font(): OK
bakery_lint.tests.downstream.test_check_font_agreements.CheckFontAgreements.test_latin_file_exists(): FAIL
### Optimize TTF Bitter-BoldItalic.ttf
$ ls -l 'Bitter-BoldItalic.ttf'* # look at the size savings of that subset process
Bitter-BoldItalic.ttf.opt: 45748 bytes
Bitter-BoldItalic.ttf: 49664 bytes
$ mv /home/travis/build/fontdirectory/bitter/builds/build/Bitter-BoldItalic.ttf.opt /home/travis/build/fontdirectory/bitter/builds/build/Bitter-BoldItalic.ttf
### Autohint TTFs (ttfautohint) Bitter-BoldItalic.ttf
$ ls -l /home/travis/build/fontdirectory/bitter/builds/build/Bitter-BoldItalic.*ttf # look at the size savings of that subset process
/home/travis/build/fontdirectory/bitter/builds/build/Bitter-BoldItalic.ttf: 45748 bytes
/home/travis/build/fontdirectory/bitter/builds/build/Bitter-BoldItalic.autohint.ttf: 81276 bytes
$ mv /home/travis/build/fontdirectory/bitter/builds/build/Bitter-BoldItalic.autohint.ttf /home/travis/build/fontdirectory/bitter/builds/build/Bitter-BoldItalic.ttf
### Subset TTFs (pyftsubset) Bitter-BoldItalic.ttf
Generate Bitter-BoldItalic.latin
Generate Bitter-BoldItalic.menu
strippedname:/home/travis/build/fontdirectory/bitter/builds/build/Bitter-BoldItalic.ttf
